                                                                            
 ┌──────────────┐     ┌──────────────────────┐     ┌──────────────────────┐ 
 │ ✓ build 2m0s │───┬▶│ ✓ test (ubuntu) 1m0s │───┬▶│ ● deploy / push 3m0s │ 
 └──────────────┘   │ └──────────────────────┘   │ └──────────────────────┘ 
                    │                            │                          
 ┌──────────────┐   │ ┌──────────────────────┐   │                          
 │ ✗ Lint 1m30s │───┴▶│ ✓ test (macos)  1m0s │───╯                          
 └──────────────┘     └──────────────────────┘                              
                                                                            




 tab: timeline · ←/→ columns · enter: log