  STATUS         W  RUN  COMMIT   DURATION  WORKFLOW  BRANCH      EVENT         ACTOR
› ● in_progress  w  #41  abc1234  3m0s      CI        feat/login  pull_request  alice
  ✓ success         #40           10m0s     Deploy    main        push          alice
  ✗ failure         #39           10m0s     CI        main        push          carol

